// Jest Snapshot v1, https://goo.gl/fbAQLP

exports[`LandingZone outside of station matches snapshot 1`] = `ShallowWrapper {}`;
