// Jest Snapshot v1, https://goo.gl/fbAQLP

exports[`BoxHover Component should match snapshot 1`] = `ReactWrapper {}`;
