// Jest Snapshot v1, https://goo.gl/fbAQLP

exports[`DialogTitle Component should match snapshot 1`] = `ReactWrapper {}`;
