// Jest Snapshot v1, https://goo.gl/fbAQLP

exports[`EditTextForm Component should match snapshot 1`] = `ReactWrapper {}`;
