// Jest Snapshot v1, https://goo.gl/fbAQLP

exports[`IconText Component should match snapshot 1`] = `ReactWrapper {}`;
