// Jest Snapshot v1, https://goo.gl/fbAQLP

exports[`JobsButtonGroup Component should match snapshot 1`] = `ReactWrapper {}`;
