// Jest Snapshot v1, https://goo.gl/fbAQLP

exports[`Stations View matches snapshot 1`] = `ShallowWrapper {}`;
